[    0.000000] Initializing cgroup subsys cpuset
[    0.000000] Initializing cgroup subsys cpu
[    0.000000] Initializing cgroup subsys cpuacct
[    0.000000] Linux version 4.4.0-145-generic (buildd@lcy01-amd64-027) (gcc version 5.4.0 20160609 (Ubuntu 5.4.0-6ubuntu1~16.04.10) ) #171-Ubuntu SMP Tue Mar 26 12:43:40 UTC 2019 (Ubuntu 4.4.0-145.171-generic 4.4.176)
[    0.000000] Command line: BOOT_IMAGE=/boot/vmlinuz-4.4.0-145-generic root=LABEL=cloudimg-rootfs ro console=tty1 console=ttyS0
[    0.000000] KERNEL supported cpus:
[    0.000000]   Intel GenuineIntel
[    0.000000]   AMD AuthenticAMD
[    0.000000]   Centaur CentaurHauls
[    0.000000] x86/fpu: xstate_offset[2]:  576, xstate_sizes[2]:  256
[    0.000000] x86/fpu: Supporting XSAVE feature 0x01: 'x87 floating point registers'
[    0.000000] x86/fpu: Supporting XSAVE feature 0x02: 'SSE registers'
[    0.000000] x86/fpu: Supporting XSAVE feature 0x04: 'AVX registers'
[    0.000000] x86/fpu: Enabled xstate features 0x7, context size is 832 bytes, using 'standard' format.
[    0.000000] e820: BIOS-provided physical RAM map:
[    0.000000] BIOS-e820: [mem 0x0000000000000000-0x000000000009fbff] usable
[    0.000000] BIOS-e820: [mem 0x000000000009fc00-0x000000000009ffff] reserved
[    0.000000] BIOS-e820: [mem 0x00000000000f0000-0x00000000000fffff] reserved
[    0.000000] BIOS-e820: [mem 0x0000000000100000-0x000000003e7effff] usable
[    0.000000] BIOS-e820: [mem 0x000000003e7f0000-0x000000003e7fffff] ACPI data
[    0.000000] BIOS-e820: [mem 0x00000000fec00000-0x00000000fec00fff] reserved
[    0.000000] BIOS-e820: [mem 0x00000000fee00000-0x00000000fee00fff] reserved
[    0.000000] BIOS-e820: [mem 0x00000000fffc0000-0x00000000ffffffff] reserved
[    0.000000] NX (Execute Disable) protection: active
[    0.000000] SMBIOS 2.5 present.
[    0.000000] Hypervisor detected: KVM
[    0.000000] e820: last_pfn = 0x3e7f0 max_arch_pfn = 0x400000000
[    0.000000] MTRR: Disabled
[    0.000000] x86/PAT: MTRRs disabled, skipping PAT initialization too.
[    0.000000] CPU MTRRs all blank - virtualized system.
[    0.000000] x86/PAT: Configuration [0-7]: WB  WT  UC- UC  WB  WT  UC- UC  
[    0.000000] found SMP MP-table at [mem 0x0009fff0-0x0009ffff] mapped at [ffff88000009fff0]
[    0.000000] Scanning 1 areas for low memory corruption
[    0.000000] RAMDISK: [mem 0x362fa000-0x37174fff]
[    0.000000] ACPI: Early table checksum verification disabled
[    0.000000] ACPI: RSDP 0x00000000000E0000 000024 (v02 VBOX  )
[    0.000000] ACPI: XSDT 0x000000003E7F0030 00003C (v01 VBOX   VBOXXSDT 00000001 ASL  00000061)
[    0.000000] ACPI: FACP 0x000000003E7F00F0 0000F4 (v04 VBOX   VBOXFACP 00000001 ASL  00000061)
[    0.000000] ACPI: DSDT 0x000000003E7F0470 0022EA (v02 VBOX   VBOXBIOS 00000002 INTL 20100528)
[    0.000000] ACPI: FACS 0x000000003E7F0200 000040
[    0.000000] ACPI: FACS 0x000000003E7F0200 000040
[    0.000000] ACPI: APIC 0x000000003E7F0240 00005C (v02 VBOX   VBOXAPIC 00000001 ASL  00000061)
[    0.000000] ACPI: SSDT 0x000000003E7F02A0 0001CC (v01 VBOX   VBOXCPUT 00000002 INTL 20100528)
[    0.000000] No NUMA configuration found
[    0.000000] Faking a node at [mem 0x0000000000000000-0x000000003e7effff]
[    0.000000] NODE_DATA(0) allocated [mem 0x3e7eb000-0x3e7effff]
[    0.000000] kvm-clock: Using msrs 4b564d01 and 4b564d00
[    0.000000] kvm-clock: cpu 0, msr 0:3e7e3001, primary cpu clock
[    0.000000] kvm-clock: using sched offset of 3495600175 cycles
[    0.000000] clocksource: kvm-clock: mask: 0xffffffffffffffff max_cycles: 0x1cd42e4dffb, max_idle_ns: 881590591483 ns
[    0.000000] Zone ranges:
[    0.000000]   DMA      [mem 0x0000000000001000-0x0000000000ffffff]
[    0.000000]   DMA32    [mem 0x0000000001000000-0x000000003e7effff]
[    0.000000]   Normal   empty
[    0.000000]   Device   empty
[    0.000000] Movable zone start for each node
[    0.000000] Early memory node ranges
[    0.000000]   node   0: [mem 0x0000000000001000-0x000000000009efff]
[    0.000000]   node   0: [mem 0x0000000000100000-0x000000003e7effff]
[    0.000000] Initmem setup node 0 [mem 0x0000000000001000-0x000000003e7effff]
[    0.000000] ACPI: PM-Timer IO Port: 0x4008
[    0.000000] IOAPIC[0]: apic_id 2, version 32, address 0xfec00000, GSI 0-23
[    0.000000] ACPI: INT_SRC_OVR (bus 0 bus_irq 0 global_irq 2 dfl dfl)
[    0.000000] ACPI: INT_SRC_OVR (bus 0 bus_irq 9 global_irq 9 low level)
[    0.000000] Using ACPI (MADT) for SMP configuration information
[    0.000000] smpboot: Allowing 2 CPUs, 0 hotplug CPUs
[    0.000000] PM: Registered nosave memory: [mem 0x00000000-0x00000fff]
[    0.000000] PM: Registered nosave memory: [mem 0x0009f000-0x0009ffff]
[    0.000000] PM: Registered nosave memory: [mem 0x000a0000-0x000effff]
[    0.000000] PM: Registered nosave memory: [mem 0x000f0000-0x000fffff]
[    0.000000] e820: [mem 0x3e800000-0xfebfffff] available for PCI devices
[    0.000000] Booting paravirtualized kernel on KVM
[    0.000000] clocksource: refined-jiffies: mask: 0xffffffff max_cycles: 0xffffffff, max_idle_ns: 7645519600211568 ns
[    0.000000] setup_percpu: NR_CPUS:512 nr_cpumask_bits:512 nr_cpu_ids:2 nr_node_ids:1
[    0.000000] PERCPU: Embedded 34 pages/cpu @ffff88003e400000 s99480 r8192 d31592 u1048576
[    0.000000] Built 1 zonelists in Node order, mobility grouping on.  Total pages: 251864
[    0.000000] Policy zone: DMA32
[    0.000000] Kernel command line: BOOT_IMAGE=/boot/vmlinuz-4.4.0-145-generic root=LABEL=cloudimg-rootfs ro console=tty1 console=ttyS0
[    0.000000] PID hash table entries: 4096 (order: 3, 32768 bytes)
[    0.000000] Memory: 973156K/1023544K available (8608K kernel code, 1333K rwdata, 4008K rodata, 1484K init, 1284K bss, 50388K reserved, 0K cma-reserved)
[    0.000000] SLUB: HWalign=64, Order=0-3, MinObjects=0, CPUs=2, Nodes=1
[    0.000000] Kernel/User page tables isolation: enabled
[    0.000000] Hierarchical RCU implementation.
[    0.000000] 	Build-time adjustment of leaf fanout to 64.
[    0.000000] 	RCU restricting CPUs from NR_CPUS=512 to nr_cpu_ids=2.
[    0.000000] RCU: Adjusting geometry for rcu_fanout_leaf=64, nr_cpu_ids=2
[    0.000000] NR_IRQS:33024 nr_irqs:440 16
[    0.000000] Console: colour VGA+ 80x25
[    0.000000] console [tty1] enabled
[    0.000000] console [ttyS0] enabled
[    0.000000] tsc: Detected 2304.000 MHz processor
[    0.177667] Calibrating delay loop (skipped) preset value.. 4608.00 BogoMIPS (lpj=9216000)
[    0.179929] pid_max: default: 32768 minimum: 301
[    0.181454] ACPI: Core revision 20150930
[    0.183569] ACPI: 2 ACPI AML tables successfully acquired and loaded
[    0.185227] Security Framework initialized
[    0.186269] Yama: becoming mindful.
[    0.187236] AppArmor: AppArmor initialized
[    0.188334] Dentry cache hash table entries: 131072 (order: 8, 1048576 bytes)
[    0.191720] Inode-cache hash table entries: 65536 (order: 7, 524288 bytes)
[    0.193856] Mount-cache hash table entries: 2048 (order: 2, 16384 bytes)
[    0.196072] Mountpoint-cache hash table entries: 2048 (order: 2, 16384 bytes)
[    0.197900] Initializing cgroup subsys io
[    0.198938] Initializing cgroup subsys memory
[    0.200051] Initializing cgroup subsys devices
[    0.201225] Initializing cgroup subsys freezer
[    0.202612] Initializing cgroup subsys net_cls
[    0.204023] Initializing cgroup subsys perf_event
[    0.205187] Initializing cgroup subsys net_prio
[    0.206345] Initializing cgroup subsys hugetlb
[    0.207439] Initializing cgroup subsys pids
[    0.209702] mce: CPU supports 0 MCE banks
[    0.211395] Last level iTLB entries: 4KB 64, 2MB 8, 4MB 8
[    0.213151] Last level dTLB entries: 4KB 64, 2MB 0, 4MB 0, 1GB 4
[    0.214683] Spectre V2 : Mitigation: Full generic retpoline
[    0.216023] Spectre V2 : Spectre v2 / SpectreRSB mitigation: Filling RSB on context switch
[    0.218204] Speculative Store Bypass: Vulnerable
[    0.221910] Freeing SMP alternatives memory: 36K
[    0.228647] ftrace: allocating 32283 entries in 127 pages
[    0.283228] smpboot: APIC(0) Converting physical 0 to logical package 0
[    0.285230] smpboot: Max logical packages: 1
[    0.286510] x2apic enabled
[    0.287549] Switched APIC routing to physical x2apic.
[    0.289757] ..TIMER: vector=0x30 apic1=0 pin1=2 apic2=-1 pin2=-1
[    0.396859] smpboot: CPU0: Intel(R) Core(TM) i5-8259U CPU @ 2.30GHz (family: 0x6, model: 0x8e, stepping: 0xa)
[    0.400622] Performance Events: unsupported p6 CPU model 142 no PMU driver, software events only.
[    0.414126] KVM setup paravirtual spinlock
[    0.416333] x86: Booting SMP configuration:
[    0.417761] .... node  #0, CPUs:      #1
[    0.419280] kvm-clock: cpu 1, msr 0:3e7e3041, secondary cpu clock
[    0.422226] mce: CPU supports 0 MCE banks
[    0.425297] x86: Booted up 1 node, 2 CPUs
[    0.426927] smpboot: Total of 2 processors activated (9216.00 BogoMIPS)
[    0.429836] devtmpfs: initialized
[    0.432089] evm: security.selinux
[    0.433075] evm: security.SMACK64
[    0.434040] evm: security.SMACK64EXEC
[    0.435259] evm: security.SMACK64TRANSMUTE
[    0.436447] evm: security.SMACK64MMAP
[    0.437520] evm: security.ima
[    0.438383] evm: security.capability
[    0.439509] clocksource: jiffies: mask: 0xffffffff max_cycles: 0xffffffff, max_idle_ns: 7645041785100000 ns
[    0.442036] futex hash table entries: 512 (order: 3, 32768 bytes)
[    0.443668] pinctrl core: initialized pinctrl subsystem
[    0.445119] RTC time: 21:24:29, date: 04/16/19
[    0.446487] NET: Registered protocol family 16
[    0.461920] cpuidle: using governor ladder
[    0.474303] cpuidle: using governor menu
[    0.476198] PCCT header not found.
[    0.478260] ACPI: bus type PCI registered
[    0.480466] acpiphp: ACPI Hot Plug PCI Controller Driver version: 0.5
[    0.483497] PCI: Using configuration type 1 for base access
[    0.503174] ACPI: Added _OSI(Module Device)
[    0.504674] ACPI: Added _OSI(Processor Device)
[    0.506050] ACPI: Added _OSI(3.0 _SCP Extensions)
[    0.507435] ACPI: Added _OSI(Processor Aggregator Device)
[    0.509795] ACPI: Executed 1 blocks of module-level executable AML code
[    0.513410] ACPI: Interpreter enabled
[    0.514382] ACPI: (supports S0 S5)
[    0.515284] ACPI: Using IOAPIC for interrupt routing
[    0.516623] PCI: Using host bridge windows from ACPI; if necessary, use "pci=nocrs" and report a bug
[    0.523026] ACPI: PCI Root Bridge [PCI0] (domain 0000 [bus 00-ff])
[    0.524915] acpi PNP0A03:00: _OSC: OS supports [ASPM ClockPM Segments MSI]
[    0.527365] acpi PNP0A03:00: _OSC: not requesting OS control; OS requires [ExtendedConfig ASPM ClockPM MSI]
[    0.529920] acpi PNP0A03:00: fail to add MMCONFIG information, can't access extended PCI configuration space under this bridge.
[    0.533154] PCI host bridge to bus 0000:00
[    0.534318] pci_bus 0000:00: root bus resource [io  0x0000-0x0cf7 window]
[    0.535985] pci_bus 0000:00: root bus resource [io  0x0d00-0xffff window]
[    0.537656] pci_bus 0000:00: root bus resource [mem 0x000a0000-0x000bffff window]
[    0.539670] pci_bus 0000:00: root bus resource [mem 0x3e800000-0xfdffffff window]
[    0.541679] pci_bus 0000:00: root bus resource [bus 00-ff]
[    0.546578] pci 0000:00:01.1: legacy IDE quirk: reg 0x10: [io  0x01f0-0x01f7]
[    0.548493] pci 0000:00:01.1: legacy IDE quirk: reg 0x14: [io  0x03f6]
[    0.550208] pci 0000:00:01.1: legacy IDE quirk: reg 0x18: [io  0x0170-0x0177]
[    0.552119] pci 0000:00:01.1: legacy IDE quirk: reg 0x1c: [io  0x0376]
[    0.569567] pci 0000:00:07.0: quirk: [io  0x4000-0x403f] claimed by PIIX4 ACPI
[    0.571701] pci 0000:00:07.0: quirk: [io  0x4100-0x410f] claimed by PIIX4 SMB
[    0.590544] ACPI: PCI Interrupt Link [LNKA] (IRQs 5 9 10 *11)
[    0.593065] ACPI: PCI Interrupt Link [LNKB] (IRQs 5 9 *10 11)
[    0.595088] ACPI: PCI Interrupt Link [LNKC] (IRQs 5 *9 10 11)
[    0.596969] ACPI: PCI Interrupt Link [LNKD] (IRQs 5 9 10 *11)
[    0.599781] ACPI: Enabled 2 GPEs in block 00 to 07
[    0.601370] vgaarb: setting as boot device: PCI:0000:00:02.0
[    0.602864] vgaarb: device added: PCI:0000:00:02.0,decodes=io+mem,owns=io+mem,locks=none
[    0.605219] vgaarb: loaded
[    0.606133] vgaarb: bridge control possible 0000:00:02.0
[    0.607938] SCSI subsystem initialized
[    0.609226] ACPI: bus type USB registered
[    0.610604] usbcore: registered new interface driver usbfs
[    0.612150] usbcore: registered new interface driver hub
[    0.613519] usbcore: registered new device driver usb
[    0.615009] PCI: Using ACPI for IRQ routing
[    0.616492] NetLabel: Initializing
[    0.617410] NetLabel:  domain hash size = 128
[    0.618557] NetLabel:  protocols = UNLABELED CIPSOv4
[    0.621354] NetLabel:  unlabeled traffic allowed by default
[    0.623153] amd_nb: Cannot enumerate AMD northbridges
[    0.624441] clocksource: Switched to clocksource kvm-clock
[    0.633389] AppArmor: AppArmor Filesystem Enabled
[    0.634999] pnp: PnP ACPI init
[    0.636992] pnp: PnP ACPI: found 3 devices
[    0.647937] clocksource: acpi_pm: mask: 0xffffff max_cycles: 0xffffff, max_idle_ns: 2085701024 ns
[    0.650474] NET: Registered protocol family 2
[    0.652020] TCP established hash table entries: 8192 (order: 4, 65536 bytes)
[    0.653956] TCP bind hash table entries: 8192 (order: 5, 131072 bytes)
[    0.655516] TCP: Hash tables configured (established 8192 bind 8192)
[    0.657067] UDP hash table entries: 512 (order: 2, 16384 bytes)
[    0.658567] UDP-Lite hash table entries: 512 (order: 2, 16384 bytes)
[    0.660100] NET: Registered protocol family 1
[    0.661442] pci 0000:00:00.0: Limiting direct PCI/PCI transfers
[    0.663475] pci 0000:00:01.0: Activating ISA DMA hang workarounds
[    0.666095] Unpacking initramfs...
[    0.865324] Freeing initrd memory: 14828K
[    0.866887] platform rtc_cmos: registered platform RTC device (no PNP device found)
[    0.868992] Scanning for low memory corruption every 60 seconds
[    0.870946] audit: initializing netlink subsys (disabled)
[    0.872472] audit: type=2000 audit(1555449875.423:1): initialized
[    0.874289] Initialise system trusted keyring
[    0.875630] HugeTLB registered 2 MB page size, pre-allocated 0 pages
[    0.878334] zbud: loaded
[    0.879354] VFS: Disk quotas dquot_6.6.0
[    0.880410] VFS: Dquot-cache hash table entries: 512 (order 0, 4096 bytes)
[    0.882321] squashfs: version 4.0 (2009/01/31) Phillip Lougher
[    0.884024] fuse init (API version 7.23)
[    0.885212] Key type big_key registered
[    0.886234] Allocating IMA MOK and blacklist keyrings.
[    0.888695] Key type asymmetric registered
[    0.889750] Asymmetric key parser 'x509' registered
[    0.890987] Block layer SCSI generic (bsg) driver version 0.4 loaded (major 249)
[    0.893142] io scheduler noop registered
[    0.894159] io scheduler deadline registered (default)
[    0.896007] io scheduler cfq registered
[    0.897234] pci_hotplug: PCI Hot Plug PCI Core version: 0.5
[    0.898603] pciehp: PCI Express Hot Plug Controller Driver version: 0.4
[    0.900492] ACPI: AC Adapter [AC] (off-line)
[    0.901874] input: Power Button as /devices/LNXSYSTM:00/LNXPWRBN:00/input/input0
[    0.903800] ACPI: Power Button [PWRF]
[    0.904889] input: Sleep Button as /devices/LNXSYSTM:00/LNXSLPBN:00/input/input1
[    0.906771] ACPI: Sleep Button [SLPF]
[    0.908225] GHES: HEST is not enabled!
[    0.909577] ACPI: Battery Slot [BAT0] (battery present)
[    0.911744] Serial: 8250/16550 driver, 32 ports, IRQ sharing enabled
 	
 !"#$%&'()*+,-./0123456789:;<=>?@ABCDEFGHIJKLMNOPQRSTUVWXYZ[\]^_`abcdefghijklmnopqrstuvwxyz{|}~ÄÅÇÉÑÖÜáàâäãåçéèêëíìîïñóòôöõúùûü†°¢£§•¶ß®©™´¨≠ÆØ∞±≤≥¥µ∂∑∏π∫ªºΩæø¿¡¬√ƒ≈∆«»… ÀÃÕŒœ–—“”‘’÷◊ÿŸ⁄€‹›ﬁﬂ‡·‚„‰ÂÊÁËÈÍÎÏÌÓÔÒÚÛÙıˆ˜¯˘˙˚¸˝˛ˇ[    0.937226] 00:02: ttyS0 at I/O 0x3f8 (irq = 4, base_baud = 115200) is a 16550A
[    0.943411] Linux agpgart interface v0.103
[    0.946379] loop: module loaded
[    0.947796] scsi host0: ata_piix
[    0.948848] scsi host1: ata_piix
[    0.949770] ata1: PATA max UDMA/33 cmd 0x1f0 ctl 0x3f6 bmdma 0xd000 irq 14
[    0.951449] ata2: PATA max UDMA/33 cmd 0x170 ctl 0x376 bmdma 0xd008 irq 15
[    0.953254] libphy: Fixed MDIO Bus: probed
[    0.954387] tun: Universal TUN/TAP device driver, 1.6
[    0.955706] tun: (C) 1999-2004 Max Krasnyansky <maxk@qualcomm.com>
[    0.957329] PPP generic driver version 2.4.2
[    0.958525] ehci_hcd: USB 2.0 'Enhanced' Host Controller (EHCI) Driver
[    0.960119] ehci-pci: EHCI PCI platform driver
[    0.961318] ehci-platform: EHCI generic platform driver
[    0.962639] ohci_hcd: USB 1.1 'Open' Host Controller (OHCI) Driver
[    0.964154] ohci-pci: OHCI PCI platform driver
[    0.965351] ohci-platform: OHCI generic platform driver
[    0.966676] uhci_hcd: USB Universal Host Controller Interface driver
[    0.968288] i8042: PNP: PS/2 Controller [PNP0303:PS2K,PNP0f03:PS2M] at 0x60,0x64 irq 1,12
[    0.970827] serio: i8042 KBD port at 0x60,0x64 irq 1
[    0.972131] serio: i8042 AUX port at 0x60,0x64 irq 12
[    0.973806] mousedev: PS/2 mouse device common for all mice
[    0.975453] input: AT Translated Set 2 keyboard as /devices/platform/i8042/serio0/input/input2
[    0.978715] rtc_cmos rtc_cmos: rtc core: registered rtc_cmos as rtc0
[    0.980710] rtc_cmos rtc_cmos: alarms up to one day, 114 bytes nvram
[    0.982578] i2c /dev entries driver
[    0.983865] device-mapper: uevent: version 1.0.3
[    0.985301] device-mapper: ioctl: 4.34.0-ioctl (2015-10-28) initialised: dm-devel@redhat.com
[    0.987670] ledtrig-cpu: registered to indicate activity on CPUs
[    0.990154] NET: Registered protocol family 10
[    0.991657] NET: Registered protocol family 17
[    0.992930] Key type dns_resolver registered
[    0.995119] registered taskstats version 1
[    0.996413] Loading compiled-in X.509 certificates
[    0.998509] Loaded X.509 cert 'Build time autogenerated kernel key: 766cb56454e39ea623681e1efb4bf4db48a2396c'
[    1.001089] zswap: loaded using pool lzo/zbud
[    1.004198] Key type trusted registered
[    1.008805] Key type encrypted registered
[    1.009904] AppArmor: AppArmor sha1 policy hashing enabled
[    1.011333] ima: No TPM chip found, activating TPM-bypass!
[    1.012780] ima: Allocated hash algorithm: sha1
[    1.014061] evm: HMAC attrs: 0x1
[    1.015531]   Magic number: 15:791:449
[    1.016669] rtc_cmos rtc_cmos: setting system clock to 2019-04-16 21:24:30 UTC (1555449870)
[    1.019042] BIOS EDD facility v0.16 2004-Jun-25, 0 devices found
[    1.020838] EDD information not available.
[    1.111328] Freeing unused kernel memory: 1484K
[    1.113881] Write protecting the kernel read-only data: 14336k
[    1.116389] Freeing unused kernel memory: 1620K
[    1.118347] Freeing unused kernel memory: 88K
Loading, please wait...
starting version 229
[    1.130729] random: systemd-udevd: uninitialized urandom read (16 bytes read, 3 bits of entropy available)
[    1.131361] random: udevadm: uninitialized urandom read (16 bytes read, 3 bits of entropy available)
[    1.131395] random: udevadm: uninitialized urandom read (16 bytes read, 3 bits of entropy available)
[    1.137715] random: udevadm: uninitialized urandom read (16 bytes read, 3 bits of entropy available)
[    1.137750] random: udevadm: uninitialized urandom read (16 bytes read, 3 bits of entropy available)
[    1.137851] random: udevadm: uninitialized urandom read (16 bytes read, 3 bits of entropy available)
[    1.137888] random: udevadm: uninitialized urandom read (16 bytes read, 3 bits of entropy available)
[    1.137924] random: udevadm: uninitialized urandom read (16 bytes read, 3 bits of entropy available)
[    1.137960] random: udevadm: uninitialized urandom read (16 bytes read, 3 bits of entropy available)
[    1.137998] random: udevadm: uninitialized urandom read (16 bytes read, 3 bits of entropy available)
[    1.182117] e1000: Intel(R) PRO/1000 Network Driver - version 7.3.21-k8-NAPI
[    1.184678] e1000: Copyright (c) 1999-2006 Intel Corporation.
[    1.186686] Fusion MPT base driver 3.04.20
[    1.187841] Copyright (c) 1999-2008 LSI Corporation
[    1.197120] Fusion MPT SPI Host driver 3.04.20
[    1.204455] AVX2 version of gcm_enc/dec engaged.
[    1.206049] AES CTR mode by8 optimization enabled
[    1.397160] input: ImExPS/2 Generic Explorer Mouse as /devices/platform/i8042/serio1/input/input4
[    1.594530] e1000 0000:00:03.0 eth0: (PCI:33MHz:32-bit) 5c:a1:ab:1e:00:11
[    1.597122] e1000 0000:00:03.0 eth0: Intel(R) PRO/1000 Network Connection
[    1.599905] mptbase: ioc0: Initiating bringup
[    1.683461] ioc0: LSI53C1030 A0: Capabilities={Initiator}
[    2.120907] tsc: Refined TSC clocksource calibration: 2303.780 MHz
[    2.122722] clocksource: tsc: mask: 0xffffffffffffffff max_cycles: 0x213527ecd7d, max_idle_ns: 440795205802 ns
[    2.495920] scsi host2: ioc0: LSI53C1030 A0, FwRev=00000000h, Ports=1, MaxQ=256, IRQ=20
[    2.633328] scsi 2:0:0:0: Direct-Access     VBOX     HARDDISK         1.0  PQ: 0 ANSI: 5
[    2.636316] scsi target2:0:0: Beginning Domain Validation
[    2.639957] scsi target2:0:0: Domain Validation skipping write tests
[    2.641696] scsi target2:0:0: Ending Domain Validation
[    2.643141] scsi target2:0:0: asynchronous
[    2.644621] scsi 2:0:1:0: Direct-Access     VBOX     HARDDISK         1.0  PQ: 0 ANSI: 5
[    2.646786] scsi target2:0:1: Beginning Domain Validation
[    2.649728] scsi target2:0:1: Domain Validation skipping write tests
[    2.651259] scsi target2:0:1: Ending Domain Validation
[    2.653124] scsi target2:0:1: asynchronous
[    2.659652] sd 2:0:0:0: Attached scsi generic sg0 type 0
[    2.661125] sd 2:0:0:0: [sda] 20971520 512-byte logical blocks: (10.7 GB/10.0 GiB)
[    2.672393] sd 2:0:0:0: [sda] Write Protect is off
[    2.674410] sd 2:0:0:0: [sda] Incomplete mode parameter data
[    2.675922] sd 2:0:0:0: [sda] Assuming drive cache: write through
[    2.677982] sd 2:0:1:0: [sdb] 20480 512-byte logical blocks: (10.5 MB/10.0 MiB)
[    2.680522] sd 2:0:1:0: [sdb] Write Protect is off
[    2.682094] sd 2:0:1:0: [sdb] Incomplete mode parameter data
[    2.683097] sd 2:0:1:0: Attached scsi generic sg1 type 0
[    2.685443] sd 2:0:1:0: [sdb] Assuming drive cache: write through
[    2.688407]  sda: sda1
[    2.690795] sd 2:0:0:0: [sda] Attached SCSI disk
[    2.692617] sd 2:0:1:0: [sdb] Attached SCSI disk
[    3.146763] e1000 0000:00:08.0 eth1: (PCI:33MHz:32-bit) 08:00:27:55:c3:fc
[    3.149179] e1000 0000:00:08.0 eth1: Intel(R) PRO/1000 Network Connection
[    3.151767] e1000 0000:00:08.0 enp0s8: renamed from eth1
[    3.173248] e1000 0000:00:03.0 enp0s3: renamed from eth0
Begin: Loading essential drivers ... [    4.451624] md: linear personality registered for level -1
[    4.456080] md: multipath personality registered for level -4
[    4.459821] md: raid0 personality registered for level 0
[    4.464378] md: raid1 personality registered for level 1
[    4.536667] raid6: sse2x1   gen() 12625 MB/s
[    4.604473] raid6: sse2x1   xor()  9488 MB/s
[    4.672647] raid6: sse2x2   gen() 14014 MB/s
[    4.740829] raid6: sse2x2   xor() 10633 MB/s
[    4.808636] raid6: sse2x4   gen() 17432 MB/s
[    4.876485] raid6: sse2x4   xor() 12066 MB/s
[    4.944728] raid6: avx2x1   gen() 25221 MB/s
[    5.012612] raid6: avx2x2   gen() 29534 MB/s
[    5.080968] raid6: avx2x4   gen() 32042 MB/s
[    5.082834] raid6: using algorithm avx2x4 gen() 32042 MB/s
[    5.084131] raid6: using avx2x2 recovery algorithm
[    5.087071] xor: automatically using best checksumming function:
[    5.125793]    avx       : 44908.000 MB/sec
[    5.128582] async_tx: api initialized (async)
[    5.138676] md: raid6 personality registered for level 6
[    5.140254] md: raid5 personality registered for level 5
[    5.142258] md: raid4 personality registered for level 4
[    5.149008] md: raid10 personality registered for level 10
done.
Begin: Running /scripts/init-premount ... done.
Begin: Mounting root file system ... Begin: Running /scripts/local-top ... done.
Begin: Running /scripts/local-premount ... [    5.175669] Btrfs loaded
Scanning for Btrfs filesystems
done.
Warning: fsck not present, so skipping root file system
[    5.195558] EXT4-fs (sda1): mounted filesystem with ordered data mode. Opts: (null)
done.
Begin: Running /scripts/local-bottom ... done.
Begin: Running /scripts/init-bottom ... done.
[    5.250120] systemd[1]: systemd 229 running in system mode. (+PAM +AUDIT +SELINUX +IMA +APPARMOR +SMACK +SYSVINIT +UTMP +LIBCRYPTSETUP +GCRYPT +GNUTLS +ACL +XZ -LZ4 +SECCOMP +BLKID +ELFUTILS +KMOD -IDN)
[    5.254601] systemd[1]: Detected virtualization oracle.
[    5.255926] systemd[1]: Detected architecture x86-64.

Welcome to [1mUbuntu 16.04.6 LTS[0m!

[    5.259781] systemd[1]: Set hostname to <ubuntu>.
[    5.262207] systemd[1]: Initializing machine ID from random generator.
[    5.263856] systemd[1]: Installed transient /etc/machine-id file.
[    5.348405] systemd[1]: Listening on Journal Audit Socket.
[[0;32m  OK  [0m] Listening on Journal Audit Socket.
[    5.351308] systemd[1]: Listening on /dev/initctl Compatibility Named Pipe.
[[0;32m  OK  [0m] Listening on /dev/initctl Compatibility Named Pipe.
[    5.354747] systemd[1]: Listening on udev Control Socket.
[[0;32m  OK  [0m] Listening on udev Control Socket.
[    5.357464] systemd[1]: Reached target Encrypted Volumes.
[[0;32m  OK  [0m] Reached target Encrypted Volumes.
[    5.360173] systemd[1]: Listening on Syslog Socket.
[[0;32m  OK  [0m] Listening on Syslog Socket.
[    5.493485] systemd[1]: Started Forward Password Requests to Wall Directory Watch.
[[0;32m  OK  [0m] Started Forward Password Requests to Wall Directory Watch.
[    5.497793] systemd[1]: Listening on LVM2 metadata daemon socket.
[[0;32m  OK  [0m] Listening on LVM2 metadata daemon socket.
[    5.501573] systemd[1]: Created slice User and Session Slice.
[[0;32m  OK  [0m] Created slice User and Session Slice.
[    5.504676] systemd[1]: Created slice System Slice.
[[0;32m  OK  [0m] Created slice System Slice.
[    5.507117] systemd[1]: Reached target Slices.
[[0;32m  OK  [0m] Reached target Slices.
[    5.509591] systemd[1]: Created slice system-serial\x2dgetty.slice.
[[0;32m  OK  [0m] Created slice system-serial\x2dgetty.slice.
[    6.122626] systemd[1]: Started Trigger resolvconf update for networkd DNS.
[[0;32m  OK  [0m] Started Trigger resolvconf update for networkd DNS.
[    6.127310] systemd[1]: Listening on Device-mapper event daemon FIFOs.
[[0;32m  OK  [0m] Listening on Device-mapper event daemon FIFOs.
[    6.142819] systemd[1]: Reached target User and Group Name Lookups.
[[0;32m  OK  [0m] Reached target User and Group Name Lookups.
[    6.146823] systemd[1]: Reached target System Time Synchronized.
[[0;32m  OK  [0m] Reached target System Time Synchronized.
[    6.150171] systemd[1]: Listening on LVM2 poll daemon socket.
[[0;32m  OK  [0m] Listening on LVM2 poll daemon socket.
[    6.153088] systemd[1]: Listening on Journal Socket.
[[0;32m  OK  [0m] Listening on Journal Socket.
[    6.165088] systemd[1]: Mounting POSIX Message Queue File System...
         Mounting POSIX Message Queue File System...
[    6.178013] systemd[1]: Starting Nameserver information manager...
         Starting Nameserver information manager...
[    6.190938] systemd[1]: Starting Uncomplicated firewall...
         Starting Uncomplicated firewall...
[    6.201899] systemd[1]: Starting Monitoring of LVM2 mirrors, snapshots etc. using dmeventd or progress polling...
         Starting Monitoring of LVM2 mirrors... dmeventd or progress polling...
[    6.213892] systemd[1]: Starting Load Kernel Modules...
         Starting Load Kernel Modules...
[    6.218704] systemd[1]: Starting Remount Root and Kernel File Systems...
         Starting Remount Root and Kernel File Systems...
[    6.223622] systemd[1]: Mounting Huge Pages File System...
[    6.223930] EXT4-fs (sda1): re-mounted. Opts: (null)
         Mounting Huge Pages File System...
[    6.227559] Loading iSCSI transport class v2.0-870.
[    6.228017] systemd[1]: Mounting Debug File System...
         Mounting Debug File System...
[    6.233021] systemd[1]: Reached target Swap.
[[0;32m  OK  [0m] Reached target Swap.
[    6.236304] systemd[1]: Starting Create list of required static device nodes for the current kernel...
    6.239339] iscsi: registered transport (tcp)
         Starting Create list of required st... nodes for the current kernel...
[    6.242399] systemd[1]: Starting Set console keymap...
         Starting Set console keymap...
[    6.256702] systemd[1]: Listening on Journal Socket (/dev/log).
[[0;32m  OK  [0m] Listening on Journal Socket (/dev/log).
[    6.274607] iscsi: registered transport (iser)
[    6.274658] systemd[1]: Starting Journal Service...
         Starting Journal Service...
[    6.279169] systemd[1]: Set up automount Arbitrary Executable File Formats File System Automount Point.
[[0;32m  OK  [0m] Set up automount Arbitrary Executab...ats File System Automount Point.
[    6.284524] systemd[1]: Listening on udev Kernel Socket.
[[0;32m  OK  [0m] Listening on udev Kernel Socket.
[    6.288606] systemd[1]: Mounted Debug File System.
[[0;32m  OK  [0m] Mounted Debug File System.
[    6.291181] systemd[1]: Mounted POSIX Message Queue File System.
[[0;32m  OK  [0m] Mounted POSIX Message Queue File System.
[    6.294701] systemd[1]: Mounted Huge Pages File System.
[[0;32m  OK  [0m] Mounted Huge Pages File System.
[    6.305108] systemd[1]: Started Journal Service.
[[0;32m  OK  [0m] Started Journal Service.
[[0;32m  OK  [0m] Started Uncomplicated firewall.
[[0;32m  OK  [0m] Started Load Kernel Modules.
[[0;32m  OK  [0m] Started Remount Root and Kernel File Systems.
[[0;32m  OK  [0m] Started Create list of required sta...ce nodes for the current kernel.
[[0;32m  OK  [0m] Started Set console keymap.
[[0;32m  OK  [0m] Started Nameserver information manager.
[    6.396080] random: nonblocking pool is initialized
[[0;32m  OK  [0m] Started LVM2 metadata daemon.
         Starting Create Static Device Nodes in /dev...
         Starting Load/Save Random Seed...
         Starting udev Coldplug all Devices...
         Starting Apply Kernel Variables...
         Mounting FUSE Control File System...
         Starting Flush Journal to Persistent Storage...
[[0;32m  OK  [0m] Started Load/Save Random Seed.
[[0;32m  OK  [0m] Mounted FUSE Control File System.
[[0;32m  OK  [0m] Started Create Static Device Nodes in /dev.
[[0;32m  OK  [0m] Started Apply Kernel Variables.
[[0;32m  OK  [0m] Started Flush Journal to Persistent Storage.
[[0;32m  OK  [0m] Started udev Coldplug all Devices.
         Starting udev Kernel Device Manager...
[[0;32m  OK  [0m] Started udev Kernel Device Manager.
[[0;32m  OK  [0m] Started Dispatch Password Requests to Console Directory Watch.
[[0;32m  OK  [0m] Found device /dev/ttyS0.
[[0;32m  OK  [0m] Listening on Load/Save RF Kill Switch Status /dev/rfkill Watch.
[[0;32m  OK  [0m] Started Monitoring of LVM2 mirrors,...ng dmeventd or progress polling.
[[0;32m  OK  [0m] Reached target Local File Systems (Pre).
[[0;32m  OK  [0m] Reached target Local File Systems.
         Starting Commit a transient machine-id on disk...
         Starting Create Volatile Files and Directories...
         Starting LSB: AppArmor initialization...
         Starting Initial cloud-init job (pre-networking)...
         Starting Set console font and keymap...
         Starting Tell Plymouth To Write Out Runtime Data...
[[0;32m  OK  [0m] Started Commit a transient machine-id on disk.
[[0;32m  OK  [0m] Started Create Volatile Files and Directories.
[[0;32m  OK  [0m] Started Tell Plymouth To Write Out Runtime Data.
         Starting Update UTMP about System Boot/Shutdown...
[[0;32m  OK  [0m] Started Update UTMP about System Boot/Shutdown.
[[0;32m  OK  [0m] Started Set console font and keymap.
[[0;32m  OK  [0m] Created slice system-getty.slice.
[    7.494519] cloud-init[618]: Cloud-init v. 18.5-45-g3554ffe8-0ubuntu1~16.04.1 running 'init-local' at Tue, 16 Apr 2019 21:24:36 +0000. Up 7.17 seconds.
[[0;32m  OK  [0m] Started LSB: AppArmor initialization.
[[0;32m  OK  [0m] Started Initial cloud-init job (pre-networking).
[[0;32m  OK  [0m] Reached target Network (Pre).
         Starting Raise network interfaces...
[[0;32m  OK  [0m] Started Raise network interfaces.
[[0;32m  OK  [0m] Reached target Network.
         Starting Initial cloud-init job (metadata service crawler)...
[    8.468246] cloud-init[949]: Cloud-init v. 18.5-45-g3554ffe8-0ubuntu1~16.04.1 running 'init' at Tue, 16 Apr 2019 21:24:37 +0000. Up 7.95 seconds.
[    8.471820] cloud-init[949]: ci-info: +++++++++++++++++++++++++++++++++++++Net device info++++++++++++++++++++++++++++++++++++++
[    8.475135] cloud-init[949]: ci-info: +--------+-------+----------------------------+-------------+--------+-------------------+
[    8.478184] cloud-init[949]: ci-info: | Device |   Up  |          Address           |     Mask    | Scope  |     Hw-Address    |
[    8.481159] cloud-init[949]: ci-info: +--------+-------+----------------------------+-------------+--------+-------------------+
[    8.483990] cloud-init[949]: ci-info: | enp0s3 |  True |        192.168.0.15        | 255.255.0.0 | global | 5c:a1:ab:1e:00:11 |
[    8.487506] cloud-init[949]: ci-info: | enp0s3 |  True | fe80::5ea1:abff:fe1e:11/64 |      .      |  link  | 5c:a1:ab:1e:00:11 |
[    8.490815] cloud-init[949]: ci-info: | enp0s8 | False |             .              |      .      |   .    | 08:00:27:55:c3:fc |
[    8.493956] cloud-init[949]: ci-info: |   lo   |  True |         127.0.0.1          |  255.0.0.0  |  host  |         .         |
[    8.497205] cloud-init[949]: ci-info: |   lo   |  True |          ::1/128           |      .      |  host  |         .         |
[    8.499927] cloud-init[949]: ci-info: +--------+-------+----------------------------+-------------+--------+-------------------+
[    8.502636] cloud-init[949]: ci-info: ++++++++++++++++++++++++++++Route IPv4 info++++++++++++++++++++++++++++
[    8.504954] cloud-init[949]: ci-info: +-------+-------------+-------------+-------------+-----------+-------+
[    8.507281] cloud-init[949]: ci-info: | Route | Destination |   Gateway   |   Genmask   | Interface | Flags |
[    8.509962] cloud-init[949]: ci-info: +-------+-------------+-------------+-------------+-----------+-------+
[    8.512147] cloud-init[949]: ci-info: |   0   |   0.0.0.0   | 192.168.0.2 |   0.0.0.0   |   enp0s3  |   UG  |
[    8.514469] cloud-init[949]: ci-info: |   1   | 192.168.0.0 |   0.0.0.0   | 255.255.0.0 |   enp0s3  |   U   |
[    8.516778] cloud-init[949]: ci-info: +-------+-------------+-------------+-------------+-----------+-------+
[    8.519032] cloud-init[949]: ci-info: +++++++++++++++++++Route IPv6 info+++++++++++++++++++
[    8.521135] cloud-init[949]: ci-info: +-------+-------------+---------+-----------+-------+
[    8.523291] cloud-init[949]: ci-info: | Route | Destination | Gateway | Interface | Flags |
[    8.525391] cloud-init[949]: ci-info: +-------+-------------+---------+-----------+-------+
[    8.527407] cloud-init[949]: ci-info: |   0   |  fe80::/64  |    ::   |   enp0s3  |   U   |
[    8.529572] cloud-init[949]: ci-info: |   3   |   ff00::/8  |    ::   |   enp0s3  |   U   |
[    8.531686] cloud-init[949]: ci-info: +-------+-------------+---------+-----------+-------+
[    8.533855] cloud-init[949]: Generating public/private rsa key pair.
[    8.535630] cloud-init[949]: Your identification has been saved in /etc/ssh/ssh_host_rsa_key.
[    8.537306] cloud-init[949]: Your public key has been saved in /etc/ssh/ssh_host_rsa_key.pub.
[    8.538980] cloud-init[949]: The key fingerprint is:
[    8.540210] cloud-init[949]: SHA256:8oflZNhu2enRSg4rCnWWYclCyOeRzh7O1pd01XLHxNE root@ubuntu-xenial
[    8.542394] cloud-init[949]: The key's randomart image is:
[    8.543839] cloud-init[949]: +---[RSA 2048]----+
[    8.545280] cloud-init[949]: |   . ...       *+|
[    8.546701] cloud-init[949]: |    o.+. .    o E|
[    8.548134] cloud-init[949]: |     =..=    . o.|
[    8.549419] cloud-init[949]: |      =o =. .    |
[    8.556811] cloud-init[949]: |     +ooS.=o     |
[    8.557744] cloud-init[949]: |     .==.Boo o   |
[    8.572294] [cloud-init[0;32m  OK  [0m[949]: ] |    ..  o.B = .  |Started Initial cloud-init job (metadata service crawler).

[    8.572755] cloud-init[949]: |     .  .o * o   |
[    8.580927] [[0;32m  OK  [0m] Reached target Cloud-config availability.
[[0;32m  OK  [0m] Reached target System Initialization.
cloud-init[949]: |      .. .. +    |
[    8.584275] [cloud-init[0;32m  OK  [0m[949]: ] +----[SHA256]-----+Started Daily apt download activities.

[    8.585071] [[0;32m  OK  [0m] Started Daily apt upgrade and clean activities.
         Starting Socket activation for snappy daemon.
[[0;32m  OK  [0m] Started Daily Cleanup of Temporary Directories.
[[0;32m  OK  [0m] Reached target Timers.
[[0;32m  OK  [0m] Listening on UUID daemon activation socket.
cloud-init[949]: Generating public/private dsa key pair.
[    8.603410] [[0;32m  OK  [0m] Started ACPI Events Check.
[[0;32m  OK  [0m] Reached target Paths.
cloud-init[949]: Your identification has been saved in /etc/ssh/ssh_host_dsa_key.
[    8.606904] [[0;32m  OK  [0m] Listening on ACPID Listen Socket.
[[0;32m  OK  [0m] Listening on D-Bus System Message Bus Socket.
cloud-init         Starting LXD - unix socket.
[[0;32m  OK  [0m] Reached target Network is Online.
[949]: Your public key has been saved in /etc/ssh/ssh_host_dsa_key.pub.
[    8.613304] cloud-init[949]: The key fingerprint is:
[    8.614699] cloud-init[949]: SHA256:5eGjw8VfUBVOKzmpUq2Roy29CGC+JZMDOC/9wGBLRSg root@ubuntu-xenial
[    8.616846] cloud-init[949]: The key's randomart image is:
[    8.618318] cloud-init[949]: +---[DSA 1024]----+
[    8.619638] cloud-init[949]: |  oo          .+o|
[    8.620982] cloud-init[949]: |E.o         o.= .|
[    8.622483] cloud-init[949]: |.* . o    o=.* o |
[    8.623807] cloud-init[949]: |o B + o  ==.=.o  |
[    8.625265] cloud-init[949]: | o = * oS+*=  .  |
[    8.626602] cloud-init[949]: |  . o *..o+o..   |
[    8.627913]          Starting iSCSI initiator daemon (iscsid)...
cloud-init[949]: |     o  +. ..    |
[    8.631482] [[0;32m  OK  [0m] Listening on Socket activation for snappy daemon.
[[0;32m  OK  [0m] Listening on LXD - unix socket.
cloud-init[949]: |         .       |
[    8.635128] [[0;32m  OK  [0m] Reached target Sockets.
[[0;32m  OK  [0m] Reached target Basic System.
cloud-init[949]: |                 |
[    8.637948] cloud-init[949]: [[0;32m  OK  [0m] Started Deferred execution scheduler.
[[0;32m  OK  [0m] Started Unattended Upgrades Shutdown.
[[0;32m  OK  [0m] Started FUSE filesystem for LXC.
         Starting /etc/rc.local Compatibility...
         Starting LXD - container startup/shutdown...
         Starting Accounts Service...
+----[SHA256]-----+
[    8.646659] cloud-init[949]: Generating public/private ecdsa key pair.         Starting Pollinate to seed the pseudo random number generator...

[    8.651892]          Starting Login Service...
         Starting System Logging Service...
cloud-init         Starting Snappy daemon...
         Starting LSB: Record successful boot for GRUB...
[949]: [[0;32m  OK  [0m] Started D-Bus System Message Bus.
Your identification has been saved in /etc/ssh/ssh_host_ecdsa_key.
[    8.678424] cloud-init[949]: Your public key has been saved in /etc/ssh/ssh_host_ecdsa_key.pub.
[    8.680685] cloud-init[949]: The key fingerprint is:
[    8.685970] cloud-init[949]: SHA256:kJFYbDjqZ8q7GllIYB9RO1aOmvlsxRS09hzr1Ge45j0 root@ubuntu-xenial
[    8.696570] cloud-init[949]: The key's randomart image is:
[    8.698138] cloud-init[949]: +---[ECDSA 256]---+
[    8.699499] cloud-init[949]: |.. oo*+=         |
[    8.706932] cloud-init[949]: |o . = Ooo        |
[    8.714414] cloud-init[949]: | . o Bo= .       |
[    8.716281] cloud-init[949]: |... = =.o + .    |
[    8.721501] cloud-init[949]: |...+   oS= o o   |
[    8.726265] cloud-init[949]: | o. = . o   +    |
[    8.730240] cloud-init[949]: |o. + +   . o     |
[    8.731901] cloud-init[949]: | .o .     o .E   |
[    8.735367]          Starting Virtualbox guest utils...
cloud-init[949]: |..oo       . ..  |
[[0;32m  OK  [0m] Started Regular background program processing daemon.
         Starting LSB: MD monitoring daemon...
[    8.744947] [[0;32m  OK  [0m] Started ACPI event daemon.
cloud-init[949]: +----[SHA256]-----+
[    8.750498] [[0;32m  OK  [0m] Started System Logging Service.
cloud-init[[0;32m  OK  [0m] Started /etc/rc.local Compatibility.
[949]: Generating public/private ed25519 key pair.
[[0;32m  OK  [0m] Started iSCSI initiator daemon (iscsid).
[    8.762796] cloud-init[949]: Your identification has been saved in /etc/ssh/ssh_host_ed25519_key.
[    8.765338] cloud-init[949]: Your public key has been saved in /etc/ssh/ssh_host_ed25519_key.pub.
[    8.768925] cloud-init[949]: The key fingerprint is:
[    8.770975] cloud-init[949]: SHA256:uVHdSQyu6vdrxshC/Yj4b3QAX5BguYTBKSBirv67nX0 root@ubuntu-xenial
[    8.776229] cloud-init[949]: The key's randomart image is:
[    8.780894] cloud-init[949]: +--[ED25519 256]--+
[    8.787303] cloud-init[949]: |o... ..+oo.o.o.  |
[    8.789791] cloud-init[949]: |+.  . +.+ .o.o.. |
[    8.792515] cloud-init[949]: | .   . . +..o o  |
[    8.802125] cloud-init[949]: [[0;32m  OK  [0m] Started LXD - container startup/shutdown.
|.       .oo.     |[[0;32m  OK  [0m] Started Login Service.

[    8.810229] cloud-init[949]: |.       S...     |
[    8.816330] cloud-init[949]: |.       .+o .    |
[    8.819802] cloud-init[949]: | .     oo+ *     |
[    8.821278] cloud-init[949]: |  . . +.oE* =    |
[    8.823227] cloud-init[949]: |   +oo o+=.+o.   |
         Starting Authenticate and Authorize Users to Run Privileged Tasks...
         Starting Login to default iSCSI targets...
[[0;32m  OK  [0m] Started LSB: Record successful boot for GRUB.
[[0;32m  OK  [0m] Started LSB: MD monitoring daemon.
[[0;32m  OK  [0m] Started Authenticate and Authorize Users to Run Privileged Tasks.
[[0;32m  OK  [0m] Started Accounts Service.
[    8.828435] cloud-init[949]: +----[SHA256]-----+
[[0;32m  OK  [0m] Started Login to default iSCSI targets.
[[0;32m  OK  [0m] Reached target Remote File Systems (Pre).
[[0;32m  OK  [0m] Reached target Remote File Systems.
         Starting LSB: automatic crash report generation...
         Starting Permit User Sessions...
         Starting LSB: daemon to balance interrupts for SMP systems...
         Starting LSB: Set the CPU Frequency Scaling governor to "ondemand"...
[[0;32m  OK  [0m] Started Permit User Sessions.
[[0;32m  OK  [0m] Started LSB: automatic crash report generation.
[[0;32m  OK  [0m] Started Virtualbox guest utils.
         Starting Terminate Plymouth Boot Screen...
         Starting Hold until boot process finishes up...
[[0;32m  OK  [0m] Started LSB: daemon to balance interrupts for SMP systems.
[[0;32m  OK  [0m] Started LSB: Set the CPU Frequency Scaling governor to "ondemand".
[[0;32m  OK  [0m] Started Terminate Plymouth Boot Screen.
[[0;32m  OK  [0m] Started Hold until boot process finishes up.
         Starting Set console scheme...
[[0;32m  OK  [0m] Started Serial Getty on ttyS0.
[[0;32m  OK  [0m] Started Getty on tty1.
[[0;32m  OK  [0m] Reached target Login Prompts.
[[0;32m  OK  [0m] Started Snappy daemon.
[[0;32m  OK  [0m] Started Set console scheme.
         Starting Wait until snapd is fully seeded...
[[0;32m  OK  [0m] Started Pollinate to seed the pseudo random number generator.
         Starting OpenBSD Secure Shell server...
[[0;32m  OK  [0m] Started OpenBSD Secure Shell server.
[[0;32m  OK  [0m] Created slice User Slice of vagrant.
         Starting User Manager for UID 1000...
[[0;32m  OK  [0m] Started Session 1 of user vagrant.
[[0;32m  OK  [0m] Started User Manager for UID 1000.
         Starting Hostname Service...
[[0;32m  OK  [0m] Started Hostname Service.
[[0;32m  OK  [0m] Stopped ifup for enp0s3.
[[0;32m  OK  [0m] Started ifup for enp0s3.
[[0;32m  OK  [0m] Stopped ifup for enp0s8.
[[0;32m  OK  [0m] Started ifup for enp0s8.

Ubuntu 16.04.6 LTS node1 ttyS0

node1 login: [   15.413803] cloud-init[1914]: Generating locales (this might take a while)...
[   16.067451] cloud-init[1914]:   en_US.UTF-8... done
[   16.067924] cloud-init[1914]: Generation complete.
[   16.309030] cloud-init[1914]: Cloud-init v. 18.5-45-g3554ffe8-0ubuntu1~16.04.1 running 'modules:config' at Tue, 16 Apr 2019 21:24:45 +0000. Up 15.34 seconds.
ci-info: +++++++++++++++Authorized keys from /home/ubuntu/.ssh/authorized_keys for user ubuntu++++++++++++++++
ci-info: +---------+-------------------------------------------------+---------+-----------------------------+
ci-info: | Keytype |                Fingerprint (md5)                | Options |           Comment           |
ci-info: +---------+-------------------------------------------------+---------+-----------------------------+
ci-info: | ssh-rsa | dd:3b:b8:2e:85:04:06:e9:ab:ff:a8:0a:c0:04:6e:d6 |    -    | vagrant insecure public key |
ci-info: +---------+-------------------------------------------------+---------+-----------------------------+
<14>Apr 16 21:24:46 ec2: 
<14>Apr 16 21:24:46 ec2: #############################################################
<14>Apr 16 21:24:46 ec2: -----BEGIN SSH HOST KEY FINGERPRINTS-----
<14>Apr 16 21:24:46 ec2: 1024 SHA256:5eGjw8VfUBVOKzmpUq2Roy29CGC+JZMDOC/9wGBLRSg root@ubuntu-xenial (DSA)
<14>Apr 16 21:24:46 ec2: 256 SHA256:kJFYbDjqZ8q7GllIYB9RO1aOmvlsxRS09hzr1Ge45j0 root@ubuntu-xenial (ECDSA)
<14>Apr 16 21:24:46 ec2: 256 SHA256:uVHdSQyu6vdrxshC/Yj4b3QAX5BguYTBKSBirv67nX0 root@ubuntu-xenial (ED25519)
<14>Apr 16 21:24:46 ec2: 2048 SHA256:8oflZNhu2enRSg4rCnWWYclCyOeRzh7O1pd01XLHxNE root@ubuntu-xenial (RSA)
<14>Apr 16 21:24:46 ec2: -----END SSH HOST KEY FINGERPRINTS-----
<14>Apr 16 21:24:46 ec2: #############################################################
-----BEGIN SSH HOST KEY KEYS-----
ecdsa-sha2-nistp256 AAAAE2VjZHNhLXNoYTItbmlzdHAyNTYAAAAIbmlzdHAyNTYAAABBBMepBxABiNUa8Fl8mKmxJid4JKI51+w07U9Ot1mixpIaHTq4gGyIPcxNLyXJiubjK5m3H1jakEti+0zBHbysD0c= root@ubuntu-xenial
ssh-ed25519 AAAAC3NzaC1lZDI1NTE5AAAAIIV2swOX9t3FW8dbVTW8pvG6iPMlxvLThsG9XU5BfMO/ root@ubuntu-xenial
ssh-rsa AAAAB3NzaC1yc2EAAAADAQABAAABAQDSQe5OeT92jD4Ln9nrap4tiLBoqPQwGkXSqBZPD/TfILbmg9A4c6iqrBrB1wV5CW9H3173xqkzFXCID3R7sRBoXzjSgQxCv/Nn5bLkpR/FHakzCWgpCcW2lfnA33vZsRmBH8E4GkArBSzrsIaDMiBlRSRBfw4E19tLNyUMjDpit3cc0kh9A3IZNMhuKet/O4Z2uqWgxjjkRTl30D+i4QlalnNwgaZMhAos4KzbliFYTtajl8a6ZrYJ7aUA2iZIOTSERWJNpnlsSJjJRZzB9buLE2sbD+QBw+1os7TY+1vt5c+2gjFVVq88d/DZCB/bOVCpP2geR6/kdY6yLxNvfu39 root@ubuntu-xenial
-----END SSH HOST KEY KEYS-----
[   16.770439] cloud-init[2052]: Cloud-init v. 18.5-45-g3554ffe8-0ubuntu1~16.04.1 running 'modules:final' at Tue, 16 Apr 2019 21:24:46 +0000. Up 16.62 seconds.
[   16.770586] cloud-init[2052]: Cloud-init v. 18.5-45-g3554ffe8-0ubuntu1~16.04.1 finished at Tue, 16 Apr 2019 21:24:46 +0000. Datasource DataSourceNoCloud [seed=/dev/sdb][dsmode=net].  Up 16.76 seconds
